Microchip MPLAB XC8 Compiler V1.45 ()

Linker command line:

-W-3 --edf=C:\Program Files (x86)\Microchip\xc8\v1.45\dat\en_msgs.txt -cs \
  -h+dist/default/production\AER201.X.production.sym \
  --cmf=dist/default/production\AER201.X.production.cmf -z -Q18F4620 \
  -oC:\Users\Yanchen\AppData\Local\Temp\skgs.2 \
  -Mdist/default/production/AER201.X.production.map -E1 -ver=XC8 \
  -ASTACK=080h-0f7fh -pstack=STACK -ACODE=00h-0FFFFh -ACONST=00h-0FFFFh \
  -ASMALLCONST=01000h-010FFhx240 -AMEDIUMCONST=01000h-0FFFFh \
  -ACOMRAM=01h-07Fh -AABS1=00h-0F7Fh -ABIGRAM=01h-0F7Fh \
  -ARAM=080h-0FFh,0100h-01FFhx14,0F00h-0F7Fh -ABANK0=080h-0FFh \
  -ABANK1=0100h-01FFh -ABANK2=0200h-02FFh -ABANK3=0300h-03FFh \
  -ABANK4=0400h-04FFh -ABANK5=0500h-05FFh -ABANK6=0600h-06FFh \
  -ABANK7=0700h-07FFh -ABANK8=0800h-08FFh -ABANK9=0900h-09FFh \
  -ABANK10=0A00h-0AFFh -ABANK11=0B00h-0BFFh -ABANK12=0C00h-0CFFh \
  -ABANK13=0D00h-0DFFh -ABANK14=0E00h-0EFFh -ABANK15=0F00h-0F7Fh \
  -ASFR=0F80h-0FFFh -preset_vec=00h,intcode=08h,intcodelo,powerup,init \
  -pramtop=01000h -psmallconst=SMALLCONST -pmediumconst=MEDIUMCONST \
  -pconst=CONST -AFARRAM=00h-00h -ACONFIG=0300000h-030000Dh -pconfig=CONFIG \
  -AIDLOC=0200000h-0200007h -pidloc=IDLOC -AEEDATA=0F00000h-0F003FFh \
  -peeprom_data=EEDATA \
  -prdata=COMRAM,nvrram=COMRAM,nvbit=COMRAM,rbss=COMRAM,rbit=COMRAM \
  -pfarbss=FARRAM,fardata=FARRAM,nvFARRAM=FARRAM \
  -pintsave_regs=BIGRAM,bigbss=BIGRAM,bigdata=BIGRAM -pbss=RAM \
  -pidata=CODE,irdata=CODE,ibigdata=CODE,ifardata=CODE -prparam=COMRAM \
  C:\Users\Yanchen\AppData\Local\Temp\skgs.obj \
  dist/default/production\AER201.X.production.obj 

Object code version is 3.11

Machine type is 18F4620

Call graph: (short form)




                Name                               Link     Load   Length Selector   Space Scale
C:\Users\Yanchen\AppData\Local\Temp\skgs.obj
                init                                  E        E        4        4       0
                reset_vec                             0        0        4        0       0
                idloc                            200000   200000        8   200000       0
                config                           300000   300000        E   300000       0
dist/default/production\AER201.X.production.obj
                intcode                               8        8        6        4       0
                temp                                 6B       6B        1        1       1
                mediumconst                        FD02     FD02      2FE     7E81       0
                intcode_body                        F1C      F1C       C6        4       0
                text20                              FE2      FE2       82        4       0
                text19                             1152     1152       5C        4       0
                text18                             1374     1374       12        4       0
                text17                             12EE     12EE       24        4       0
                text16                             1398     1398        8        4       0
                text15                             1390     1390        8        4       0
                text14                             1386     1386        A        4       0
                text13                             1064     1064       7E        4       0
                text12                             1360     1360       14        4       0
                text11                             1200     1200       4C        4       0
                text10                             13A6     13A6        2        4       0
                text9                              1330     1330       1C        4       0
                text8                              10E2     10E2       70        4       0
                text7                              11AE     11AE       52        4       0
                text6                              124C     124C       42        4       0
                text5                              12C8     12C8       26        4       0
                text4                              1312     1312       1E        4       0
                text3                              134C     134C       14        4       0
                text2                               A9A      A9A      30C        4       0
                text1                                12       12      A88        4       0
                text0                               DA6      DA6      176        4       0
                cstackCOMRAM                          1        1       5A        1       1
                dataCOMRAM                           65       65        6        1       1
                bssCOMRAM                            5B       5B        A        1       1
                cinit                              128E     128E       3A        4       0
                idataCOMRAM                        13A0     13A0        6        4       0

TOTAL           Name                               Link     Load   Length     Space
        CLASS   STACK          

        CLASS   CODE           
                intcode                               8        8        6         0
                init                                  E        E        4         0
                reset_vec                             0        0        4         0
                intcode_body                        F1C      F1C       C6         0
                text20                              FE2      FE2       82         0
                text19                             1152     1152       5C         0
                text18                             1374     1374       12         0
                text17                             12EE     12EE       24         0
                text16                             1398     1398        8         0
                text15                             1390     1390        8         0
                text14                             1386     1386        A         0
                text13                             1064     1064       7E         0
                text12                             1360     1360       14         0
                text11                             1200     1200       4C         0
                text10                             13A6     13A6        2         0
                text9                              1330     1330       1C         0
                text8                              10E2     10E2       70         0
                text7                              11AE     11AE       52         0
                text6                              124C     124C       42         0
                text5                              12C8     12C8       26         0
                text4                              1312     1312       1E         0
                text3                              134C     134C       14         0
                text2                               A9A      A9A      30C         0
                text1                                12       12      A88         0
                text0                               DA6      DA6      176         0
                cinit                              128E     128E       3A         0
                idataCOMRAM                        13A0     13A0        6         0

        CLASS   CONST          

        CLASS   SMALLCONST     

        CLASS   MEDIUMCONST    
                mediumconst                        FD02     FD02      2FE         0

        CLASS   COMRAM         
                temp                                 6B       6B        1         1
                cstackCOMRAM                          1        1       5A         1
                dataCOMRAM                           65       65        6         1
                bssCOMRAM                            5B       5B        A         1

        CLASS   ABS1           

        CLASS   BIGRAM         

        CLASS   RAM            

        CLASS   BANK0          

        CLASS   BANK1          

        CLASS   BANK2          

        CLASS   BANK3          

        CLASS   BANK4          

        CLASS   BANK5          

        CLASS   BANK6          

        CLASS   BANK7          

        CLASS   BANK8          

        CLASS   BANK9          

        CLASS   BANK10         

        CLASS   BANK11         

        CLASS   BANK12         

        CLASS   BANK13         

        CLASS   BANK14         

        CLASS   BANK15         

        CLASS   SFR            

        CLASS   FARRAM         

        CLASS   CONFIG         
                config                           300000   300000        E         0

        CLASS   IDLOC          
                idloc                            200000   200000        8         0

        CLASS   EEDATA         



SEGMENTS        Name                           Load    Length   Top    Selector   Space  Class

                reset_vec                      000000  000004  000004         0       0  CODE    
                cstackCOMRAM                   000001  00006B  00006C         1       1  COMRAM  
                intcode                        000008  0013A0  0013A8         4       0  CODE    
                mediumconst                    00FD02  0002FE  010000      7E81       0  MEDIUMCO
                idloc                          200000  000008  200008    200000       0  IDLOC   
                config                         300000  00000E  30000E    300000       0  CONFIG  


UNUSED ADDRESS RANGES

        Name                Unused          Largest block    Delta
        BANK0            000080-0000FF               80
        BANK1            000100-0001FF              100
        BANK10           000A00-000AFF              100
        BANK11           000B00-000BFF              100
        BANK12           000C00-000CFF              100
        BANK13           000D00-000DFF              100
        BANK14           000E00-000EFF              100
        BANK15           000F00-000F7F               80
        BANK2            000200-0002FF              100
        BANK3            000300-0003FF              100
        BANK4            000400-0004FF              100
        BANK5            000500-0005FF              100
        BANK6            000600-0006FF              100
        BANK7            000700-0007FF              100
        BANK8            000800-0008FF              100
        BANK9            000900-0009FF              100
        BIGRAM           00006C-000F7F              F14
        CODE             000004-000007                4
                         0013A8-00FD01             E95A
        COMRAM           00006C-00007F               14
        CONST            000004-000007                4
                         0013A8-00FD01             E95A
        EEDATA           F00000-F003FF              400
        MEDIUMCONST      0013A8-00FD01             E95A
        RAM              000080-000F7F              100
        SFR              000F80-000FFF               80
        SMALLCONST       0013A8-00FD01              100
        STACK            000080-000F7F              F00

                                  Symbol Table

?___lldiv                    cstackCOMRAM 000014
?___lwdiv                    cstackCOMRAM 000014
?___lwmod                    cstackCOMRAM 00001B
?___wmul                     cstackCOMRAM 000014
?_printf                     cstackCOMRAM 000020
I2C_Master_Init@clockFreq    cstackCOMRAM 000021
I2C_Master_Read@ackBit       cstackCOMRAM 000015
I2C_Master_Read@receivedByte cstackCOMRAM 000016
I2C_Master_Write@byteToWrite cstackCOMRAM 000015
_ADCON0                      (abs)        000FC2
_ADCON1                      (abs)        000FC1
_I2C_Master_Init             text19       001152
_I2C_Master_Read             text17       0012EE
_I2C_Master_Start            text16       001398
_I2C_Master_Stop             text15       001390
_I2C_Master_Wait             text18       001374
_I2C_Master_Write            text14       001386
_INT1IE                      (abs)        007F83
_INT1IF                      (abs)        007F80
_INTCONbits                  (abs)        000FF2
_LATA                        (abs)        000F89
_LATB                        (abs)        000F8A
_LATC                        (abs)        000F8B
_LATD                        (abs)        000F8C
_LATDbits                    (abs)        000F8C
_LATE                        (abs)        000F8D
_LCD_HORZ_LIMIT              mediumconst  00FD32
_LCD_LEFT                    mediumconst  00FD2D
_LCD_RIGHT                   mediumconst  00FD2E
_LCD_SIZE_HORZ               mediumconst  00FD30
_LCD_SIZE_VERT               mediumconst  00FD2F
_LCD_VERT_LIMIT              mediumconst  00FD31
_LCDinterruptState           bssCOMRAM    000064
_PORTB                       (abs)        000F81
_PORTBbits                   (abs)        000F81
_SSPADD                      (abs)        000FC8
_SSPBUF                      (abs)        000FC9
_SSPCON1                     (abs)        000FC6
_SSPCON1bits                 (abs)        000FC6
_SSPCON2                     (abs)        000FC5
_SSPCON2bits                 (abs)        000FC5
_SSPSTAT                     (abs)        000FC7
_TRISA                       (abs)        000F92
_TRISB                       (abs)        000F93
_TRISC                       (abs)        000F94
_TRISCbits                   (abs)        000F94
_TRISD                       (abs)        000F95
_TRISE                       (abs)        000F96
__CFG_BOREN$SBORDIS          (abs)        000000
__CFG_BORV$3                 (abs)        000000
__CFG_CCP2MX$PORTC           (abs)        000000
__CFG_CP0$OFF                (abs)        000000
__CFG_CP1$OFF                (abs)        000000
__CFG_CP2$OFF                (abs)        000000
__CFG_CP3$OFF                (abs)        000000
__CFG_CPB$OFF                (abs)        000000
__CFG_CPD$ON                 (abs)        000000
__CFG_EBTR0$OFF              (abs)        000000
__CFG_EBTR1$OFF              (abs)        000000
__CFG_EBTR2$OFF              (abs)        000000
__CFG_EBTR3$OFF              (abs)        000000
__CFG_EBTRB$OFF              (abs)        000000
__CFG_FCMEN$OFF              (abs)        000000
__CFG_IESO$OFF               (abs)        000000
__CFG_LPT1OSC$OFF            (abs)        000000
__CFG_LVP$OFF                (abs)        000000
__CFG_MCLRE$ON               (abs)        000000
__CFG_OSC$HSPLL              (abs)        000000
__CFG_PBADEN$ON              (abs)        000000
__CFG_PWRT$OFF               (abs)        000000
__CFG_STVREN$ON              (abs)        000000
__CFG_WDT$OFF                (abs)        000000
__CFG_WDTPS$32768            (abs)        000000
__CFG_WRT0$OFF               (abs)        000000
__CFG_WRT1$OFF               (abs)        000000
__CFG_WRT2$OFF               (abs)        000000
__CFG_WRT3$OFF               (abs)        000000
__CFG_WRTB$OFF               (abs)        000000
__CFG_WRTC$OFF               (abs)        000000
__CFG_WRTD$OFF               (abs)        000000
__CFG_XINST$OFF              (abs)        000000
__HRAM                       (abs)        000000
__Habs1                      abs1         000000
__Hbank0                     bank0        000000
__Hbank1                     bank1        000000
__Hbank10                    bank10       000000
__Hbank11                    bank11       000000
__Hbank12                    bank12       000000
__Hbank13                    bank13       000000
__Hbank14                    bank14       000000
__Hbank15                    bank15       000000
__Hbank2                     bank2        000000
__Hbank3                     bank3        000000
__Hbank4                     bank4        000000
__Hbank5                     bank5        000000
__Hbank6                     bank6        000000
__Hbank7                     bank7        000000
__Hbank8                     bank8        000000
__Hbank9                     bank9        000000
__Hbigbss                    bigbss       000000
__Hbigdata                   bigdata      000000
__Hbigram                    bigram       000000
__Hbss                       bss          000000
__HbssCOMRAM                 bssCOMRAM    000000
__Hcinit                     cinit        000000
__Hclrtext                   clrtext      000000
__Hcomram                    comram       000000
__Hconfig                    config       30000E
__Hconst                     const        000000
__HcstackCOMRAM              cstackCOMRAM 000000
__Hdata                      data         000000
__HdataCOMRAM                dataCOMRAM   000000
__Heeprom_data               eeprom_data  000000
__Hfarbss                    farbss       000000
__Hfardata                   fardata      000000
__Hibigdata                  ibigdata     000000
__Hidata                     idata        000000
__HidataCOMRAM               idataCOMRAM  000000
__Hidloc                     idloc        200008
__Hifardata                  ifardata     000000
__Hinit                      init         000012
__Hintcode                   intcode      00000E
__Hintcode_body              intcode_body 000000
__Hintcodelo                 intcodelo    00000E
__Hintentry                  intentry     000000
__Hintret                    intret       000000
__Hintsave_regs              intsave_regs 000000
__Hirdata                    irdata       000000
__Hmediumconst               mediumconst  010000
__HnvFARRAM                  nvFARRAM     000000
__Hnvbit                     nvbit        000000
__Hnvrram                    nvrram       000000
__Hparam                     rparam       000000
__Hpowerup                   powerup      00000E
__Hram                       ram          000000
__Hramtop                    ramtop       001000
__Hrbit                      rbit         000000
__Hrbss                      rbss         000000
__Hrdata                     rdata        000000
__Hreset_vec                 reset_vec    000004
__Hrparam                    rparam       000000
__Hsfr                       sfr          000000
__Hsmallconst                smallconst   000000
__Hspace_0                   (abs)        30000E
__Hspace_1                   (abs)        00006C
__Hspace_2                   (abs)        000000
__Hstack                     stack        000000
__Hstruct                    struct       000000
__Htemp                      temp         00006C
__Htext                      text         000000
__Htext0                     text0        000000
__Htext1                     text1        000000
__Htext10                    text10       000000
__Htext11                    text11       000000
__Htext12                    text12       000000
__Htext13                    text13       000000
__Htext14                    text14       000000
__Htext15                    text15       000000
__Htext16                    text16       000000
__Htext17                    text17       000000
__Htext18                    text18       000000
__Htext19                    text19       000000
__Htext2                     text2        000000
__Htext20                    text20       000000
__Htext3                     text3        000000
__Htext4                     text4        000000
__Htext5                     text5        000000
__Htext6                     text6        000000
__Htext7                     text7        000000
__Htext8                     text8        000000
__Htext9                     text9        000000
__LRAM                       (abs)        000001
__Labs1                      abs1         000000
__Lbank0                     bank0        000000
__Lbank1                     bank1        000000
__Lbank10                    bank10       000000
__Lbank11                    bank11       000000
__Lbank12                    bank12       000000
__Lbank13                    bank13       000000
__Lbank14                    bank14       000000
__Lbank15                    bank15       000000
__Lbank2                     bank2        000000
__Lbank3                     bank3        000000
__Lbank4                     bank4        000000
__Lbank5                     bank5        000000
__Lbank6                     bank6        000000
__Lbank7                     bank7        000000
__Lbank8                     bank8        000000
__Lbank9                     bank9        000000
__Lbigbss                    bigbss       000000
__Lbigdata                   bigdata      000000
__Lbigram                    bigram       000000
__Lbss                       bss          000000
__LbssCOMRAM                 bssCOMRAM    000000
__Lcinit                     cinit        000000
__Lclrtext                   clrtext      000000
__Lcomram                    comram       000000
__Lconfig                    config       300000
__Lconst                     const        000000
__LcstackCOMRAM              cstackCOMRAM 000000
__Ldata                      data         000000
__LdataCOMRAM                dataCOMRAM   000000
__Leeprom_data               eeprom_data  000000
__Lfarbss                    farbss       000000
__Lfardata                   fardata      000000
__Libigdata                  ibigdata     000000
__Lidata                     idata        000000
__LidataCOMRAM               idataCOMRAM  000000
__Lidloc                     idloc        200000
__Lifardata                  ifardata     000000
__Linit                      init         00000E
__Lintcode                   intcode      000008
__Lintcode_body              intcode_body 000000
__Lintcodelo                 intcodelo    00000E
__Lintentry                  intentry     000000
__Lintret                    intret       000000
__Lintsave_regs              intsave_regs 000000
__Lirdata                    irdata       000000
__Lmediumconst               mediumconst  00FD02
__LnvFARRAM                  nvFARRAM     000000
__Lnvbit                     nvbit        000000
__Lnvrram                    nvrram       000000
__Lparam                     rparam       000000
__Lpowerup                   powerup      00000E
__Lram                       ram          000000
__Lramtop                    ramtop       001000
__Lrbit                      rbit         000000
__Lrbss                      rbss         000000
__Lrdata                     rdata        000000
__Lreset_vec                 reset_vec    000000
__Lrparam                    rparam       000000
__Lsfr                       sfr          000000
__Lsmallconst                smallconst   000000
__Lspace_0                   (abs)        000000
__Lspace_1                   (abs)        000000
__Lspace_2                   (abs)        000000
__Lstack                     stack        000000
__Lstruct                    struct       000000
__Ltemp                      temp         00006B
__Ltext                      text         000000
__Ltext0                     text0        000000
__Ltext1                     text1        000000
__Ltext10                    text10       000000
__Ltext11                    text11       000000
__Ltext12                    text12       000000
__Ltext13                    text13       000000
__Ltext14                    text14       000000
__Ltext15                    text15       000000
__Ltext16                    text16       000000
__Ltext17                    text17       000000
__Ltext18                    text18       000000
__Ltext19                    text19       000000
__Ltext2                     text2        000000
__Ltext20                    text20       000000
__Ltext3                     text3        000000
__Ltext4                     text4        000000
__Ltext5                     text5        000000
__Ltext6                     text6        000000
__Ltext7                     text7        000000
__Ltext8                     text8        000000
__Ltext9                     text9        000000
__S0                         (abs)        30000E
__S1                         (abs)        00006C
__S2                         (abs)        000000
___inthi_sp                  stack        000000
___intlo_sp                  stack        000000
___lldiv                     text20       000FE2
___lldiv@counter             cstackCOMRAM 000020
___lldiv@dividend            cstackCOMRAM 000014
___lldiv@divisor             cstackCOMRAM 000018
___lldiv@quotient            cstackCOMRAM 00001C
___lwdiv                     text7        0011AE
___lwdiv@counter             cstackCOMRAM 00001A
___lwdiv@dividend            cstackCOMRAM 000014
___lwdiv@divisor             cstackCOMRAM 000016
___lwdiv@quotient            cstackCOMRAM 000018
___lwmod                     text6        00124C
___lwmod@counter             cstackCOMRAM 00001F
___lwmod@dividend            cstackCOMRAM 00001B
___lwmod@divisor             cstackCOMRAM 00001D
___param_bank                (abs)        000000
___rparam_used               (abs)        000001
___sp                        stack        000000
___wmul                      text5        0012C8
___wmul@multiplicand         cstackCOMRAM 000016
___wmul@multiplier           cstackCOMRAM 000014
___wmul@product              cstackCOMRAM 000018
__accesstop                  (abs)        000080
__activetblptr               (abs)        000002
__end_of_I2C_Master_Init     text19       0011AE
__end_of_I2C_Master_Read     text17       001312
__end_of_I2C_Master_Start    text16       0013A0
__end_of_I2C_Master_Stop     text15       001398
__end_of_I2C_Master_Wait     text18       001386
__end_of_I2C_Master_Write    text14       001390
__end_of_LCD_HORZ_LIMIT      mediumconst  00FD33
__end_of_LCD_LEFT            mediumconst  00FD2E
__end_of_LCD_RIGHT           mediumconst  00FD2F
__end_of_LCD_SIZE_HORZ       mediumconst  00FD31
__end_of_LCD_SIZE_VERT       mediumconst  00FD30
__end_of_LCD_VERT_LIMIT      mediumconst  00FD32
__end_of___lldiv             text20       001064
__end_of___lwdiv             text7        001200
__end_of___lwmod             text6        00128E
__end_of___wmul              text5        0012EE
__end_of__initialization     cinit        0012BA
__end_of_currDate            mediumconst  00FD2D
__end_of_dpowers             mediumconst  00FD1E
__end_of_hexpowers           mediumconst  00FD26
__end_of_initLCD             text11       00124C
__end_of_interruptHandler    intcode_body 000FE2
__end_of_isdigit             text4        001330
__end_of_keys                mediumconst  00FD14
__end_of_lcdInst             text12       001374
__end_of_lcdNibble           text13       0010E2
__end_of_lcd_set_cursor      text8        001152
__end_of_lcd_shift_cursor    text9        00134C
__end_of_logging             text10       0013A8
__end_of_main                text0        000F1C
__end_of_operation           text1        000A9A
__end_of_printf              text2        000DA6
__end_of_putch               text3        001360
__initialization             cinit        00128E
__mediumconst                mediumconst  00FD02
__pbssCOMRAM                 bssCOMRAM    00005B
__pcinit                     cinit        00128E
__pcstackCOMRAM              cstackCOMRAM 000001
__pdataCOMRAM                dataCOMRAM   000065
__pidataCOMRAM               idataCOMRAM  0013A0
__pintcode                   intcode      000008
__pintcode_body              intcode_body 000F1C
__pmediumconst               mediumconst  00FD02
__ptext0                     text0        000DA6
__ptext1                     text1        000012
__ptext10                    text10       0013A6
__ptext11                    text11       001200
__ptext12                    text12       001360
__ptext13                    text13       001064
__ptext14                    text14       001386
__ptext15                    text15       001390
__ptext16                    text16       001398
__ptext17                    text17       0012EE
__ptext18                    text18       001374
__ptext19                    text19       001152
__ptext2                     text2        000A9A
__ptext20                    text20       000FE2
__ptext3                     text3        00134C
__ptext4                     text4        001312
__ptext5                     text5        0012C8
__ptext6                     text6        00124C
__ptext7                     text7        0011AE
__ptext8                     text8        0010E2
__ptext9                     text9        001330
__ramtop                     ramtop       001000
__size_of_I2C_Master_Init    (abs)        000000
__size_of_I2C_Master_Read    (abs)        000000
__size_of_I2C_Master_Start   (abs)        000000
__size_of_I2C_Master_Stop    (abs)        000000
__size_of_I2C_Master_Wait    (abs)        000000
__size_of_I2C_Master_Write   (abs)        000000
__size_of___lldiv            (abs)        000000
__size_of___lwdiv            (abs)        000000
__size_of___lwmod            (abs)        000000
__size_of___wmul             (abs)        000000
__size_of_initLCD            (abs)        000000
__size_of_interruptHandler   (abs)        000000
__size_of_isdigit            (abs)        000000
__size_of_lcdInst            (abs)        000000
__size_of_lcdNibble          (abs)        000000
__size_of_lcd_set_cursor     (abs)        000000
__size_of_lcd_shift_cursor   (abs)        000000
__size_of_logging            (abs)        000000
__size_of_main               (abs)        000000
__size_of_operation          (abs)        000000
__size_of_printf             (abs)        000000
__size_of_putch              (abs)        000000
__smallconst                 smallconst   000000
_begin_logging               bssCOMRAM    00005F
_begin_operation             bssCOMRAM    000061
_currDate                    mediumconst  00FD26
_dpowers                     mediumconst  00FD14
_hexpowers                   mediumconst  00FD1E
_initLCD                     text11       001200
_interruptHandler            intcode      000008
_isdigit                     text4        001312
_isdigit$822                 cstackCOMRAM 000015
_keys                        mediumconst  00FD03
_lcdInst                     text12       001360
_lcdNibble                   text13       001064
_lcd_set_cursor              text8        0010E2
_lcd_shift_cursor            text9        001330
_logging                     text10       0013A6
_main                        text0        000DA6
_num_runs                    bssCOMRAM    00005D
_operation                   text1        000012
_printf                      text2        000A9A
_putch                       text3        00134C
_total_time                  bssCOMRAM    00005B
btemp                        temp         00006B
end_of_initialization        cinit        0012BA
int$flags                    temp         00006B
int_func                     intcode_body 000F1C
interruptHandler@keypress    cstackCOMRAM 000013
intlevel0                    text         000000
intlevel1                    text         000000
intlevel2                    text         000000
intlevel3                    text         000000
isdigit@c                    cstackCOMRAM 000016
lcdInst@data                 cstackCOMRAM 000016
lcdNibble@data               cstackCOMRAM 000015
lcdNibble@temp               cstackCOMRAM 000014
lcd_set_cursor@x             cstackCOMRAM 00001C
lcd_set_cursor@y             cstackCOMRAM 00001A
lcd_shift_cursor@direction   cstackCOMRAM 000017
lcd_shift_cursor@n           cstackCOMRAM 000019
lcd_shift_cursor@numChars    cstackCOMRAM 000018
main@i                       cstackCOMRAM 00005A
main@time                    cstackCOMRAM 000053
operation@F3021              dataCOMRAM   000065
operation@frequency          cstackCOMRAM 000044
operation@keypress           cstackCOMRAM 000046
operation@keypress_383       cstackCOMRAM 000047
operation@keypress_384       cstackCOMRAM 000049
operation@keypress_391       cstackCOMRAM 00004A
operation@keypress_396       cstackCOMRAM 000048
operation@keypress_410       cstackCOMRAM 00003E
operation@keypress_414       cstackCOMRAM 00003F
operation@keypress_418       cstackCOMRAM 000040
operation@keypress_426       cstackCOMRAM 000041
operation@keypress_433       cstackCOMRAM 000042
operation@keypress_438       cstackCOMRAM 000043
operation@prescription       cstackCOMRAM 00004B
operation@repetition         cstackCOMRAM 000045
printf@ap                    cstackCOMRAM 000033
printf@c                     cstackCOMRAM 00003B
printf@f                     cstackCOMRAM 000020
printf@flag                  cstackCOMRAM 000038
printf@idx                   cstackCOMRAM 000032
printf@prec                  cstackCOMRAM 000035
printf@val                   cstackCOMRAM 000036
printf@width                 cstackCOMRAM 000039
putch@data                   cstackCOMRAM 000016
stackhi                      (abs)        000F7F
stacklo                      (abs)        000080
start                        init         00000E
start_initialization         cinit        00128E
wtemp6                       temp         00006C


FUNCTION INFORMATION:

 *************** function _main *****************
 Defined at:
		line 39 in file "main.c"
 Parameters:    Size  Location     Type
		None
 Auto vars:     Size  Location     Type
  time            7   82[COMRAM] unsigned char [7]
  i               1   89[COMRAM] unsigned char 
 Return value:  Size  Location     Type
                  1    wreg      void 
 Registers used:
		wreg, fsr1l, fsr1h, fsr2l, fsr2h, status,2, status,0, tblptrl, tblptrh, tblptru, prodl, prodh, cstack
 Tracked objects:
		On entry : 
		On exit  : 
		Unchanged: 
 Data sizes:     COMRAM   BANK0   BANK1   BANK2   BANK3   BANK4   BANK5   BANK6   BANK7   BANK8   BANK9  BANK10  BANK11  BANK12  BANK13  BANK14  BANK15
      Params:         0       0       0       0       0       0       0       0       0       0       0       0       0       0       0       0       0
      Locals:         8       0       0       0       0       0       0       0       0       0       0       0       0       0       0       0       0
      Temps:          2       0       0       0       0       0       0       0       0       0       0       0       0       0       0       0       0
      Totals:        10       0       0       0       0       0       0       0       0       0       0       0       0       0       0       0       0
Total ram usage:       10 bytes
 Hardware stack levels required when called:    6
 This function calls:
		_I2C_Master_Init
		_I2C_Master_Read
		_I2C_Master_Start
		_I2C_Master_Stop
		_I2C_Master_Write
		_initLCD
		_lcdInst
		_logging
		_operation
		_printf
 This function is called by:
		Startup code after reset
 This function uses a non-reentrant model


 *************** function _operation *****************
 Defined at:
		line 129 in file "main.c"
 Parameters:    Size  Location     Type
		None
 Auto vars:     Size  Location     Type
  keypress        1   72[COMRAM] unsigned char 
  keypress        1   70[COMRAM] unsigned char 
  keypress        1   69[COMRAM] unsigned char 
  keypress        1   66[COMRAM] unsigned char 
  keypress        1   65[COMRAM] unsigned char 
  keypress        1   64[COMRAM] unsigned char 
  keypress        1   63[COMRAM] unsigned char 
  keypress        1   62[COMRAM] unsigned char 
  keypress        1   61[COMRAM] unsigned char 
  keypress        1   71[COMRAM] unsigned char 
  keypress        1   73[COMRAM] unsigned char 
  prescription    6   74[COMRAM] int [3]
  repetition      1   68[COMRAM] enum E3002
  frequency       1   67[COMRAM] enum E3008
 Return value:  Size  Location     Type
                  1    wreg      void 
 Registers used:
		wreg, fsr1l, fsr1h, fsr2l, fsr2h, status,2, status,0, tblptrl, tblptrh, tblptru, prodl, prodh, cstack
 Tracked objects:
		On entry : 
		On exit  : 
		Unchanged: 
 Data sizes:     COMRAM   BANK0   BANK1   BANK2   BANK3   BANK4   BANK5   BANK6   BANK7   BANK8   BANK9  BANK10  BANK11  BANK12  BANK13  BANK14  BANK15
      Params:         0       0       0       0       0       0       0       0       0       0       0       0       0       0       0       0       0
      Locals:        19       0       0       0       0       0       0       0       0       0       0       0       0       0       0       0       0
      Temps:          2       0       0       0       0       0       0       0       0       0       0       0       0       0       0       0       0
      Totals:        21       0       0       0       0       0       0       0       0       0       0       0       0       0       0       0       0
Total ram usage:       21 bytes
 Hardware stack levels used:    1
 Hardware stack levels required when called:    5
 This function calls:
		_lcdInst
		_lcd_set_cursor
		_printf
		_putch
 This function is called by:
		_main
 This function uses a non-reentrant model


 *************** function _printf *****************
 Defined at:
		line 464 in file "C:\Program Files (x86)\Microchip\xc8\v1.45\sources\common\doprnt.c"
 Parameters:    Size  Location     Type
  f               2   31[COMRAM] PTR const unsigned char 
		 -> STR_56(19), STR_55(18), STR_54(17), STR_53(8), 
		 -> STR_52(19), STR_51(18), STR_50(18), STR_49(11), 
		 -> STR_48(11), STR_47(7), STR_46(19), STR_45(14), 
		 -> STR_44(20), STR_43(13), STR_42(11), STR_41(12), 
		 -> STR_40(7), STR_39(19), STR_38(23), STR_37(7), 
		 -> STR_36(19), STR_35(17), STR_34(7), STR_33(21), 
		 -> STR_32(21), STR_31(21), STR_30(21), STR_29(18), 
		 -> STR_28(18), STR_27(11), STR_26(14), STR_25(20), 
		 -> STR_24(13), STR_23(11), STR_22(14), STR_21(19), 
		 -> STR_20(20), STR_19(20), STR_18(13), STR_17(12), 
		 -> STR_16(21), STR_15(13), STR_14(11), STR_13(13), 
		 -> STR_12(21), STR_11(21), STR_10(8), STR_9(8), 
		 -> STR_8(8), STR_7(17), STR_6(21), STR_5(21), 
		 -> STR_4(21), STR_3(21), STR_2(21), STR_1(33), 
 Auto vars:     Size  Location     Type
  idx             1   49[COMRAM] unsigned char 
  tmpval          4    0        struct .
  cp              3    0        PTR const unsigned char 
  width           2   56[COMRAM] int 
  val             2   53[COMRAM] unsigned int 
  ap              2   50[COMRAM] PTR void [1]
		 -> ?_printf(2), 
  len             2    0        unsigned int 
  c               1   58[COMRAM] char 
  flag            1   55[COMRAM] unsigned char 
  prec            1   52[COMRAM] char 
 Return value:  Size  Location     Type
                  2   31[COMRAM] int 
 Registers used:
		wreg, fsr2l, fsr2h, status,2, status,0, tblptrl, tblptrh, tblptru, prodl, prodh, cstack
 Tracked objects:
		On entry : 
		On exit  : 
		Unchanged: 
 Data sizes:     COMRAM   BANK0   BANK1   BANK2   BANK3   BANK4   BANK5   BANK6   BANK7   BANK8   BANK9  BANK10  BANK11  BANK12  BANK13  BANK14  BANK15
      Params:        14       0       0       0       0       0       0       0       0       0       0       0       0       0       0       0       0
      Locals:        10       0       0       0       0       0       0       0       0       0       0       0       0       0       0       0       0
      Temps:          4       0       0       0       0       0       0       0       0       0       0       0       0       0       0       0       0
      Totals:        28       0       0       0       0       0       0       0       0       0       0       0       0       0       0       0       0
Total ram usage:       28 bytes
 Hardware stack levels used:    1
 Hardware stack levels required when called:    3
 This function calls:
		___lwdiv
		___lwmod
		___wmul
		_isdigit
		_putch
 This function is called by:
		_main
		_operation
 This function uses a non-reentrant model


 *************** function _putch *****************
 Defined at:
		line 24 in file "lcd.c"
 Parameters:    Size  Location     Type
  data            1    wreg     unsigned char 
 Auto vars:     Size  Location     Type
  data            1   21[COMRAM] unsigned char 
 Return value:  Size  Location     Type
                  1    wreg      void 
 Registers used:
		wreg, status,2, status,0, cstack
 Tracked objects:
		On entry : 
		On exit  : 
		Unchanged: 
 Data sizes:     COMRAM   BANK0   BANK1   BANK2   BANK3   BANK4   BANK5   BANK6   BANK7   BANK8   BANK9  BANK10  BANK11  BANK12  BANK13  BANK14  BANK15
      Params:         0       0       0       0       0       0       0       0       0       0       0       0       0       0       0       0       0
      Locals:         1       0       0       0       0       0       0       0       0       0       0       0       0       0       0       0       0
      Temps:          0       0       0       0       0       0       0       0       0       0       0       0       0       0       0       0       0
      Totals:         1       0       0       0       0       0       0       0       0       0       0       0       0       0       0       0       0
Total ram usage:        1 bytes
 Hardware stack levels used:    1
 Hardware stack levels required when called:    2
 This function calls:
		_lcdNibble
 This function is called by:
		_operation
		_printf
 This function uses a non-reentrant model


 *************** function _isdigit *****************
 Defined at:
		line 8 in file "C:\Program Files (x86)\Microchip\xc8\v1.45\sources\common\isdigit.c"
 Parameters:    Size  Location     Type
  c               1    wreg     unsigned char 
 Auto vars:     Size  Location     Type
  c               1   21[COMRAM] unsigned char 
 Return value:  Size  Location     Type
		None               void
 Registers used:
		wreg, status,2, status,0
 Tracked objects:
		On entry : 
		On exit  : 
		Unchanged: 
 Data sizes:     COMRAM   BANK0   BANK1   BANK2   BANK3   BANK4   BANK5   BANK6   BANK7   BANK8   BANK9  BANK10  BANK11  BANK12  BANK13  BANK14  BANK15
      Params:         0       0       0       0       0       0       0       0       0       0       0       0       0       0       0       0       0
      Locals:         2       0       0       0       0       0       0       0       0       0       0       0       0       0       0       0       0
      Temps:          1       0       0       0       0       0       0       0       0       0       0       0       0       0       0       0       0
      Totals:         3       0       0       0       0       0       0       0       0       0       0       0       0       0       0       0       0
Total ram usage:        3 bytes
 Hardware stack levels used:    1
 Hardware stack levels required when called:    1
 This function calls:
		Nothing
 This function is called by:
		_printf
 This function uses a non-reentrant model


 *************** function ___wmul *****************
 Defined at:
		line 15 in file "C:\Program Files (x86)\Microchip\xc8\v1.45\sources\common\Umul16.c"
 Parameters:    Size  Location     Type
  multiplier      2   19[COMRAM] unsigned int 
  multiplicand    2   21[COMRAM] unsigned int 
 Auto vars:     Size  Location     Type
  product         2   23[COMRAM] unsigned int 
 Return value:  Size  Location     Type
                  2   19[COMRAM] unsigned int 
 Registers used:
		wreg, status,2, status,0, prodl, prodh
 Tracked objects:
		On entry : 
		On exit  : 
		Unchanged: 
 Data sizes:     COMRAM   BANK0   BANK1   BANK2   BANK3   BANK4   BANK5   BANK6   BANK7   BANK8   BANK9  BANK10  BANK11  BANK12  BANK13  BANK14  BANK15
      Params:         4       0       0       0       0       0       0       0       0       0       0       0       0       0       0       0       0
      Locals:         2       0       0       0       0       0       0       0       0       0       0       0       0       0       0       0       0
      Temps:          0       0       0       0       0       0       0       0       0       0       0       0       0       0       0       0       0
      Totals:         6       0       0       0       0       0       0       0       0       0       0       0       0       0       0       0       0
Total ram usage:        6 bytes
 Hardware stack levels used:    1
 Hardware stack levels required when called:    1
 This function calls:
		Nothing
 This function is called by:
		_printf
 This function uses a non-reentrant model


 *************** function ___lwmod *****************
 Defined at:
		line 8 in file "C:\Program Files (x86)\Microchip\xc8\v1.45\sources\common\lwmod.c"
 Parameters:    Size  Location     Type
  dividend        2   26[COMRAM] unsigned int 
  divisor         2   28[COMRAM] unsigned int 
 Auto vars:     Size  Location     Type
  counter         1   30[COMRAM] unsigned char 
 Return value:  Size  Location     Type
                  2   26[COMRAM] unsigned int 
 Registers used:
		wreg, status,2, status,0
 Tracked objects:
		On entry : 
		On exit  : 
		Unchanged: 
 Data sizes:     COMRAM   BANK0   BANK1   BANK2   BANK3   BANK4   BANK5   BANK6   BANK7   BANK8   BANK9  BANK10  BANK11  BANK12  BANK13  BANK14  BANK15
      Params:         4       0       0       0       0       0       0       0       0       0       0       0       0       0       0       0       0
      Locals:         1       0       0       0       0       0       0       0       0       0       0       0       0       0       0       0       0
      Temps:          0       0       0       0       0       0       0       0       0       0       0       0       0       0       0       0       0
      Totals:         5       0       0       0       0       0       0       0       0       0       0       0       0       0       0       0       0
Total ram usage:        5 bytes
 Hardware stack levels used:    1
 Hardware stack levels required when called:    1
 This function calls:
		Nothing
 This function is called by:
		_printf
 This function uses a non-reentrant model


 *************** function ___lwdiv *****************
 Defined at:
		line 8 in file "C:\Program Files (x86)\Microchip\xc8\v1.45\sources\common\lwdiv.c"
 Parameters:    Size  Location     Type
  dividend        2   19[COMRAM] unsigned int 
  divisor         2   21[COMRAM] unsigned int 
 Auto vars:     Size  Location     Type
  quotient        2   23[COMRAM] unsigned int 
  counter         1   25[COMRAM] unsigned char 
 Return value:  Size  Location     Type
                  2   19[COMRAM] unsigned int 
 Registers used:
		wreg, status,2, status,0
 Tracked objects:
		On entry : 
		On exit  : 
		Unchanged: 
 Data sizes:     COMRAM   BANK0   BANK1   BANK2   BANK3   BANK4   BANK5   BANK6   BANK7   BANK8   BANK9  BANK10  BANK11  BANK12  BANK13  BANK14  BANK15
      Params:         4       0       0       0       0       0       0       0       0       0       0       0       0       0       0       0       0
      Locals:         3       0       0       0       0       0       0       0       0       0       0       0       0       0       0       0       0
      Temps:          0       0       0       0       0       0       0       0       0       0       0       0       0       0       0       0       0
      Totals:         7       0       0       0       0       0       0       0       0       0       0       0       0       0       0       0       0
Total ram usage:        7 bytes
 Hardware stack levels used:    1
 Hardware stack levels required when called:    1
 This function calls:
		Nothing
 This function is called by:
		_printf
 This function uses a non-reentrant model


 *************** function _lcd_set_cursor *****************
 Defined at:
		line 80 in file "lcd.c"
 Parameters:    Size  Location     Type
  x               1    wreg     unsigned char 
  y               1   25[COMRAM] unsigned char 
 Auto vars:     Size  Location     Type
  x               1   27[COMRAM] unsigned char 
 Return value:  Size  Location     Type
                  1    wreg      void 
 Registers used:
		wreg, status,2, status,0, cstack
 Tracked objects:
		On entry : 
		On exit  : 
		Unchanged: 
 Data sizes:     COMRAM   BANK0   BANK1   BANK2   BANK3   BANK4   BANK5   BANK6   BANK7   BANK8   BANK9  BANK10  BANK11  BANK12  BANK13  BANK14  BANK15
      Params:         1       0       0       0       0       0       0       0       0       0       0       0       0       0       0       0       0
      Locals:         1       0       0       0       0       0       0       0       0       0       0       0       0       0       0       0       0
      Temps:          1       0       0       0       0       0       0       0       0       0       0       0       0       0       0       0       0
      Totals:         3       0       0       0       0       0       0       0       0       0       0       0       0       0       0       0       0
Total ram usage:        3 bytes
 Hardware stack levels used:    1
 Hardware stack levels required when called:    4
 This function calls:
		_lcdInst
		_lcd_shift_cursor
 This function is called by:
		_operation
 This function uses a non-reentrant model


 *************** function _lcd_shift_cursor *****************
 Defined at:
		line 110 in file "lcd.c"
 Parameters:    Size  Location     Type
  numChars        1    wreg     unsigned char 
  direction       1   22[COMRAM] unsigned char 
 Auto vars:     Size  Location     Type
  numChars        1   23[COMRAM] unsigned char 
  n               1   24[COMRAM] unsigned char 
 Return value:  Size  Location     Type
                  1    wreg      void 
 Registers used:
		wreg, status,2, status,0, cstack
 Tracked objects:
		On entry : 
		On exit  : 
		Unchanged: 
 Data sizes:     COMRAM   BANK0   BANK1   BANK2   BANK3   BANK4   BANK5   BANK6   BANK7   BANK8   BANK9  BANK10  BANK11  BANK12  BANK13  BANK14  BANK15
      Params:         1       0       0       0       0       0       0       0       0       0       0       0       0       0       0       0       0
      Locals:         2       0       0       0       0       0       0       0       0       0       0       0       0       0       0       0       0
      Temps:          0       0       0       0       0       0       0       0       0       0       0       0       0       0       0       0       0
      Totals:         3       0       0       0       0       0       0       0       0       0       0       0       0       0       0       0       0
Total ram usage:        3 bytes
 Hardware stack levels used:    1
 Hardware stack levels required when called:    3
 This function calls:
		_lcdInst
 This function is called by:
		_lcd_set_cursor
 This function uses a non-reentrant model


 *************** function _logging *****************
 Defined at:
		line 642 in file "main.c"
 Parameters:    Size  Location     Type
		None
 Auto vars:     Size  Location     Type
		None
 Return value:  Size  Location     Type
                  1    wreg      void 
 Registers used:
		None
 Tracked objects:
		On entry : 
		On exit  : 
		Unchanged: 
 Data sizes:     COMRAM   BANK0   BANK1   BANK2   BANK3   BANK4   BANK5   BANK6   BANK7   BANK8   BANK9  BANK10  BANK11  BANK12  BANK13  BANK14  BANK15
      Params:         0       0       0       0       0       0       0       0       0       0       0       0       0       0       0       0       0
      Locals:         0       0       0       0       0       0       0       0       0       0       0       0       0       0       0       0       0
      Temps:          0       0       0       0       0       0       0       0       0       0       0       0       0       0       0       0       0
      Totals:         0       0       0       0       0       0       0       0       0       0       0       0       0       0       0       0       0
Total ram usage:        0 bytes
 Hardware stack levels used:    1
 Hardware stack levels required when called:    1
 This function calls:
		Nothing
 This function is called by:
		_main
 This function uses a non-reentrant model


 *************** function _initLCD *****************
 Defined at:
		line 60 in file "lcd.c"
 Parameters:    Size  Location     Type
		None
 Auto vars:     Size  Location     Type
		None
 Return value:  Size  Location     Type
                  1    wreg      void 
 Registers used:
		wreg, status,2, status,0, cstack
 Tracked objects:
		On entry : 
		On exit  : 
		Unchanged: 
 Data sizes:     COMRAM   BANK0   BANK1   BANK2   BANK3   BANK4   BANK5   BANK6   BANK7   BANK8   BANK9  BANK10  BANK11  BANK12  BANK13  BANK14  BANK15
      Params:         0       0       0       0       0       0       0       0       0       0       0       0       0       0       0       0       0
      Locals:         0       0       0       0       0       0       0       0       0       0       0       0       0       0       0       0       0
      Temps:          1       0       0       0       0       0       0       0       0       0       0       0       0       0       0       0       0
      Totals:         1       0       0       0       0       0       0       0       0       0       0       0       0       0       0       0       0
Total ram usage:        1 bytes
 Hardware stack levels used:    1
 Hardware stack levels required when called:    3
 This function calls:
		_lcdInst
 This function is called by:
		_main
 This function uses a non-reentrant model


 *************** function _lcdInst *****************
 Defined at:
		line 11 in file "lcd.c"
 Parameters:    Size  Location     Type
  data            1    wreg     unsigned char 
 Auto vars:     Size  Location     Type
  data            1   21[COMRAM] unsigned char 
 Return value:  Size  Location     Type
                  1    wreg      void 
 Registers used:
		wreg, status,2, status,0, cstack
 Tracked objects:
		On entry : 
		On exit  : 
		Unchanged: 
 Data sizes:     COMRAM   BANK0   BANK1   BANK2   BANK3   BANK4   BANK5   BANK6   BANK7   BANK8   BANK9  BANK10  BANK11  BANK12  BANK13  BANK14  BANK15
      Params:         0       0       0       0       0       0       0       0       0       0       0       0       0       0       0       0       0
      Locals:         1       0       0       0       0       0       0       0       0       0       0       0       0       0       0       0       0
      Temps:          0       0       0       0       0       0       0       0       0       0       0       0       0       0       0       0       0
      Totals:         1       0       0       0       0       0       0       0       0       0       0       0       0       0       0       0       0
Total ram usage:        1 bytes
 Hardware stack levels used:    1
 Hardware stack levels required when called:    2
 This function calls:
		_lcdNibble
 This function is called by:
		_initLCD
		_lcd_set_cursor
		_lcd_shift_cursor
		_main
		_operation
		_lcd_shift_display
 This function uses a non-reentrant model


 *************** function _lcdNibble *****************
 Defined at:
		line 37 in file "lcd.c"
 Parameters:    Size  Location     Type
  data            1    wreg     unsigned char 
 Auto vars:     Size  Location     Type
  data            1   20[COMRAM] unsigned char 
  temp            1   19[COMRAM] unsigned char 
 Return value:  Size  Location     Type
                  1    wreg      void 
 Registers used:
		wreg, status,2, status,0
 Tracked objects:
		On entry : 
		On exit  : 
		Unchanged: 
 Data sizes:     COMRAM   BANK0   BANK1   BANK2   BANK3   BANK4   BANK5   BANK6   BANK7   BANK8   BANK9  BANK10  BANK11  BANK12  BANK13  BANK14  BANK15
      Params:         0       0       0       0       0       0       0       0       0       0       0       0       0       0       0       0       0
      Locals:         2       0       0       0       0       0       0       0       0       0       0       0       0       0       0       0       0
      Temps:          0       0       0       0       0       0       0       0       0       0       0       0       0       0       0       0       0
      Totals:         2       0       0       0       0       0       0       0       0       0       0       0       0       0       0       0       0
Total ram usage:        2 bytes
 Hardware stack levels used:    1
 Hardware stack levels required when called:    1
 This function calls:
		Nothing
 This function is called by:
		_lcdInst
		_putch
 This function uses a non-reentrant model


 *************** function _I2C_Master_Write *****************
 Defined at:
		line 108 in file "I2C.c"
 Parameters:    Size  Location     Type
  byteToWrite     2   20[COMRAM] unsigned int 
 Auto vars:     Size  Location     Type
		None
 Return value:  Size  Location     Type
                  1    wreg      void 
 Registers used:
		wreg, status,2, status,0, cstack
 Tracked objects:
		On entry : 
		On exit  : 
		Unchanged: 
 Data sizes:     COMRAM   BANK0   BANK1   BANK2   BANK3   BANK4   BANK5   BANK6   BANK7   BANK8   BANK9  BANK10  BANK11  BANK12  BANK13  BANK14  BANK15
      Params:         2       0       0       0       0       0       0       0       0       0       0       0       0       0       0       0       0
      Locals:         0       0       0       0       0       0       0       0       0       0       0       0       0       0       0       0       0
      Temps:          0       0       0       0       0       0       0       0       0       0       0       0       0       0       0       0       0
      Totals:         2       0       0       0       0       0       0       0       0       0       0       0       0       0       0       0       0
Total ram usage:        2 bytes
 Hardware stack levels used:    1
 Hardware stack levels required when called:    2
 This function calls:
		_I2C_Master_Wait
 This function is called by:
		_main
		_RTC_setTime
 This function uses a non-reentrant model


 *************** function _I2C_Master_Stop *****************
 Defined at:
		line 95 in file "I2C.c"
 Parameters:    Size  Location     Type
		None
 Auto vars:     Size  Location     Type
		None
 Return value:  Size  Location     Type
                  1    wreg      void 
 Registers used:
		wreg, status,2, status,0, cstack
 Tracked objects:
		On entry : 
		On exit  : 
		Unchanged: 
 Data sizes:     COMRAM   BANK0   BANK1   BANK2   BANK3   BANK4   BANK5   BANK6   BANK7   BANK8   BANK9  BANK10  BANK11  BANK12  BANK13  BANK14  BANK15
      Params:         0       0       0       0       0       0       0       0       0       0       0       0       0       0       0       0       0
      Locals:         0       0       0       0       0       0       0       0       0       0       0       0       0       0       0       0       0
      Temps:          0       0       0       0       0       0       0       0       0       0       0       0       0       0       0       0       0
      Totals:         0       0       0       0       0       0       0       0       0       0       0       0       0       0       0       0       0
Total ram usage:        0 bytes
 Hardware stack levels used:    1
 Hardware stack levels required when called:    2
 This function calls:
		_I2C_Master_Wait
 This function is called by:
		_main
		_RTC_setTime
 This function uses a non-reentrant model


 *************** function _I2C_Master_Start *****************
 Defined at:
		line 69 in file "I2C.c"
 Parameters:    Size  Location     Type
		None
 Auto vars:     Size  Location     Type
		None
 Return value:  Size  Location     Type
                  1    wreg      void 
 Registers used:
		wreg, status,2, status,0, cstack
 Tracked objects:
		On entry : 
		On exit  : 
		Unchanged: 
 Data sizes:     COMRAM   BANK0   BANK1   BANK2   BANK3   BANK4   BANK5   BANK6   BANK7   BANK8   BANK9  BANK10  BANK11  BANK12  BANK13  BANK14  BANK15
      Params:         0       0       0       0       0       0       0       0       0       0       0       0       0       0       0       0       0
      Locals:         0       0       0       0       0       0       0       0       0       0       0       0       0       0       0       0       0
      Temps:          0       0       0       0       0       0       0       0       0       0       0       0       0       0       0       0       0
      Totals:         0       0       0       0       0       0       0       0       0       0       0       0       0       0       0       0       0
Total ram usage:        0 bytes
 Hardware stack levels used:    1
 Hardware stack levels required when called:    2
 This function calls:
		_I2C_Master_Wait
 This function is called by:
		_main
		_RTC_setTime
 This function uses a non-reentrant model


 *************** function _I2C_Master_Read *****************
 Defined at:
		line 120 in file "I2C.c"
 Parameters:    Size  Location     Type
  ackBit          1    wreg     unsigned char 
 Auto vars:     Size  Location     Type
  ackBit          1   20[COMRAM] unsigned char 
  receivedByte    1   21[COMRAM] unsigned char 
 Return value:  Size  Location     Type
                  1    wreg      unsigned char 
 Registers used:
		wreg, status,2, status,0, cstack
 Tracked objects:
		On entry : 
		On exit  : 
		Unchanged: 
 Data sizes:     COMRAM   BANK0   BANK1   BANK2   BANK3   BANK4   BANK5   BANK6   BANK7   BANK8   BANK9  BANK10  BANK11  BANK12  BANK13  BANK14  BANK15
      Params:         0       0       0       0       0       0       0       0       0       0       0       0       0       0       0       0       0
      Locals:         2       0       0       0       0       0       0       0       0       0       0       0       0       0       0       0       0
      Temps:          0       0       0       0       0       0       0       0       0       0       0       0       0       0       0       0       0
      Totals:         2       0       0       0       0       0       0       0       0       0       0       0       0       0       0       0       0
Total ram usage:        2 bytes
 Hardware stack levels used:    1
 Hardware stack levels required when called:    2
 This function calls:
		_I2C_Master_Wait
 This function is called by:
		_main
 This function uses a non-reentrant model


 *************** function _I2C_Master_Wait *****************
 Defined at:
		line 51 in file "I2C.c"
 Parameters:    Size  Location     Type
		None
 Auto vars:     Size  Location     Type
		None
 Return value:  Size  Location     Type
                  1    wreg      void 
 Registers used:
		wreg, status,2, status,0
 Tracked objects:
		On entry : 
		On exit  : 
		Unchanged: 
 Data sizes:     COMRAM   BANK0   BANK1   BANK2   BANK3   BANK4   BANK5   BANK6   BANK7   BANK8   BANK9  BANK10  BANK11  BANK12  BANK13  BANK14  BANK15
      Params:         0       0       0       0       0       0       0       0       0       0       0       0       0       0       0       0       0
      Locals:         0       0       0       0       0       0       0       0       0       0       0       0       0       0       0       0       0
      Temps:          1       0       0       0       0       0       0       0       0       0       0       0       0       0       0       0       0
      Totals:         1       0       0       0       0       0       0       0       0       0       0       0       0       0       0       0       0
Total ram usage:        1 bytes
 Hardware stack levels used:    1
 Hardware stack levels required when called:    1
 This function calls:
		Nothing
 This function is called by:
		_I2C_Master_Start
		_I2C_Master_Stop
		_I2C_Master_Write
		_I2C_Master_Read
		_I2C_Master_RepeatedStart
 This function uses a non-reentrant model


 *************** function _I2C_Master_Init *****************
 Defined at:
		line 14 in file "I2C.c"
 Parameters:    Size  Location     Type
  clockFreq       4   32[COMRAM] const unsigned long 
 Auto vars:     Size  Location     Type
		None
 Return value:  Size  Location     Type
                  1    wreg      void 
 Registers used:
		wreg, status,2, status,0, cstack
 Tracked objects:
		On entry : 
		On exit  : 
		Unchanged: 
 Data sizes:     COMRAM   BANK0   BANK1   BANK2   BANK3   BANK4   BANK5   BANK6   BANK7   BANK8   BANK9  BANK10  BANK11  BANK12  BANK13  BANK14  BANK15
      Params:         4       0       0       0       0       0       0       0       0       0       0       0       0       0       0       0       0
      Locals:         0       0       0       0       0       0       0       0       0       0       0       0       0       0       0       0       0
      Temps:          4       0       0       0       0       0       0       0       0       0       0       0       0       0       0       0       0
      Totals:         8       0       0       0       0       0       0       0       0       0       0       0       0       0       0       0       0
Total ram usage:        8 bytes
 Hardware stack levels used:    1
 Hardware stack levels required when called:    2
 This function calls:
		___lldiv
 This function is called by:
		_main
 This function uses a non-reentrant model


 *************** function ___lldiv *****************
 Defined at:
		line 8 in file "C:\Program Files (x86)\Microchip\xc8\v1.45\sources\common\lldiv.c"
 Parameters:    Size  Location     Type
  dividend        4   19[COMRAM] unsigned long 
  divisor         4   23[COMRAM] unsigned long 
 Auto vars:     Size  Location     Type
  quotient        4   27[COMRAM] unsigned long 
  counter         1   31[COMRAM] unsigned char 
 Return value:  Size  Location     Type
                  4   19[COMRAM] unsigned long 
 Registers used:
		wreg, status,2, status,0
 Tracked objects:
		On entry : 
		On exit  : 
		Unchanged: 
 Data sizes:     COMRAM   BANK0   BANK1   BANK2   BANK3   BANK4   BANK5   BANK6   BANK7   BANK8   BANK9  BANK10  BANK11  BANK12  BANK13  BANK14  BANK15
      Params:         8       0       0       0       0       0       0       0       0       0       0       0       0       0       0       0       0
      Locals:         5       0       0       0       0       0       0       0       0       0       0       0       0       0       0       0       0
      Temps:          0       0       0       0       0       0       0       0       0       0       0       0       0       0       0       0       0
      Totals:        13       0       0       0       0       0       0       0       0       0       0       0       0       0       0       0       0
Total ram usage:       13 bytes
 Hardware stack levels used:    1
 Hardware stack levels required when called:    1
 This function calls:
		Nothing
 This function is called by:
		_I2C_Master_Init
 This function uses a non-reentrant model


 *************** function _interruptHandler *****************
 Defined at:
		line 659 in file "main.c"
 Parameters:    Size  Location     Type
		None
 Auto vars:     Size  Location     Type
  keypress        1   18[COMRAM] unsigned char 
 Return value:  Size  Location     Type
                  1    wreg      void 
 Registers used:
		wreg, status,2, status,0
 Tracked objects:
		On entry : 
		On exit  : 
		Unchanged: 
 Data sizes:     COMRAM   BANK0   BANK1   BANK2   BANK3   BANK4   BANK5   BANK6   BANK7   BANK8   BANK9  BANK10  BANK11  BANK12  BANK13  BANK14  BANK15
      Params:         0       0       0       0       0       0       0       0       0       0       0       0       0       0       0       0       0
      Locals:         1       0       0       0       0       0       0       0       0       0       0       0       0       0       0       0       0
      Temps:         18       0       0       0       0       0       0       0       0       0       0       0       0       0       0       0       0
      Totals:        19       0       0       0       0       0       0       0       0       0       0       0       0       0       0       0       0
Total ram usage:       19 bytes
 Hardware stack levels used:    1
 This function calls:
		Nothing
 This function is called by:
		Interrupt level 2
 This function uses a non-reentrant model



MODULE INFORMATION

Module		Function		Class		Link	Load	Size
C:\Program Files (x86)\Microchip\xc8\v1.45\sources\common\doprnt.c
		_printf        		CODE           	0A9A	0000	781

C:\Program Files (x86)\Microchip\xc8\v1.45\sources\common\doprnt.c estimated size: 781

C:\Program Files (x86)\Microchip\xc8\v1.45\sources\common\Umul16.c
		___wmul        		CODE           	12C8	0000	39

C:\Program Files (x86)\Microchip\xc8\v1.45\sources\common\Umul16.c estimated size: 39

I2C.c
		_I2C_Master_Read		CODE           	12EE	0000	37
		_I2C_Master_Wait		CODE           	1374	0000	19
		_I2C_Master_Init		CODE           	1152	0000	93
		_I2C_Master_Stop		CODE           	1390	0000	9
		_I2C_Master_Write		CODE           	1386	0000	11
		_I2C_Master_Start		CODE           	1398	0000	9

I2C.c estimated size: 178

C:\Program Files (x86)\Microchip\xc8\v1.45\sources\common\isdigit.c
		_isdigit       		CODE           	1312	0000	31

C:\Program Files (x86)\Microchip\xc8\v1.45\sources\common\isdigit.c estimated size: 31

C:\Program Files (x86)\Microchip\xc8\v1.45\sources\common\lwmod.c
		___lwmod       		CODE           	124C	0000	67

C:\Program Files (x86)\Microchip\xc8\v1.45\sources\common\lwmod.c estimated size: 67

shared
		_currDate      		MEDIUMCONST    	FD26	0000	8
		_dpowers       		MEDIUMCONST    	FD14	0000	11
		_LCD_LEFT      		MEDIUMCONST    	FD2D	0000	2
		_keys          		MEDIUMCONST    	FD03	0000	18
		_LCD_RIGHT     		MEDIUMCONST    	FD2E	0000	2
		__initialization		CODE           	128E	0000	45
		_LCD_VERT_LIMIT		MEDIUMCONST    	FD31	0000	2
		_LCD_HORZ_LIMIT		MEDIUMCONST    	FD32	0000	2
		_hexpowers     		MEDIUMCONST    	FD1E	0000	9
		_LCD_SIZE_VERT 		MEDIUMCONST    	FD2F	0000	2
		_LCD_SIZE_HORZ 		MEDIUMCONST    	FD30	0000	2

shared estimated size: 103

C:\Program Files (x86)\Microchip\xc8\v1.45\sources\common\lwdiv.c
		___lwdiv       		CODE           	11AE	0000	83

C:\Program Files (x86)\Microchip\xc8\v1.45\sources\common\lwdiv.c estimated size: 83

lcd.c
		_putch         		CODE           	134C	0000	21
		_lcdInst       		CODE           	1360	0000	21
		_lcd_set_cursor		CODE           	10E2	0000	113
		_lcdNibble     		CODE           	1064	0000	127
		_lcd_shift_cursor		CODE           	1330	0000	29
		_initLCD       		CODE           	1200	0000	77

lcd.c estimated size: 388

C:\Program Files (x86)\Microchip\xc8\v1.45\sources\common\lldiv.c
		___lldiv       		CODE           	0FE2	0000	131

C:\Program Files (x86)\Microchip\xc8\v1.45\sources\common\lldiv.c estimated size: 131

main.c
		_main          		CODE           	0DA6	0000	375
		_operation     		CODE           	0012	0000	2697
		_logging       		CODE           	13A6	0000	3
		_interruptHandler		CODE           	0008	0000	205

main.c estimated size: 3280

